--- MYSQL ----------------------------------------------------------------------

mysqld_safe - is the recommended way to start a mysqld server on Unix.
  mysqld_safe adds some safety features such as restarting the server when an
  error occurs and logging runtime information to an error log.

  mysqld_safe reads all options from the [mysqld], [server], and [mysqld_safe]
  sections in option files.


ENABLE LOGS:

// To enable error log add following
[mysqld_safe]
log_error=/var/log/mysql/mysql_error.log
[mysqld]
log_error=/var/log/mysql/mysql_error.log

// To enable general query log add following
general_log_file        = /var/log/mysql/mysql.log
general_log             = 1

// To enable Slow Query Log add following
log_slow_queries       = /var/log/mysql/mysql-slow.log
long_query_time = 2
log-queries-not-using-indexes


EXAMPLES:

mysql> CREATE USER 'newuser'@'%' IDENTIFIED BY 'passwrod';
mysql> CREATE USER 'newuser'@'localhost' IDENTIFIED BY 'passwrod';
mysql> CREATE DATABASE mydb;
mysql> GRANT ALL PRIVILEGES ON * . * TO 'newuser'@'localhost';
  // The asterisks in this command refer to the database and table
  // (respectively).
mysql> FLUSH PRIVILEGES;

mysql> UPDATE mytable SET field1 = newvalue1, field2 = newvalue2 [WHERE Clause];

mysql> ALTER USER 'user'@'localhost' IDENTIFIED BY 'newpasswrod';
// or
mysql> SET PASSWORD FOR 'user'@'localhost' ='newpassword'


// Get size of MySQL database:
SELECT table_schema "mydb",
        ROUND(SUM(data_length + index_length) / 1024 / 1024, 1) "DB Size in MB"
FROM information_schema.tables
GROUP BY table_schema;

// Get the size of the specific table in MySQL:
SELECT
    table_name AS `Table`,
    round(((data_length + index_length) / 1024 / 1024), 2) `Size in MB`
FROM information_schema.TABLES
WHERE table_schema = ‘db_name’
    AND table_name = ‘table_name’;

// Get the size of all tables, descending order:
SELECT
     table_schema as `Database`,
     table_name AS `Table`,
     round(((data_length + index_length) / 1024 / 1024), 2) `Size in MB`
FROM information_schema.TABLES
ORDER BY (data_length + index_length) DESC;
